akankshapingle@cmpe283-assignment1:~/cmpe283-1$ sudo insmod ./cmpe283-1.ko
akankshapingle@cmpe283-assignment1:~/cmpe283-1$ sudo dmesg
[    0.000000] Linux version 5.15.0-1021-gcp (buildd@lcy02-amd64-108) (gcc (Ubuntu 11.2.0-19ubuntu1) 11.2.0, GNU ld (GNU Binutils for Ubuntu) 2.38) #28-Ubuntu SMP Fri Oct 14 15:46:06 UTC 2022 (Ubuntu 5.15.0-1021.28-gcp 5.15.60)
[    0.000000] Command line: BOOT_IMAGE=/boot/vmlinuz-5.15.0-1021-gcp root=PARTUUID=49c6040b-5111-48ce-89e3-a87db324ff04 ro console=ttyS0 panic=-1
[    0.000000] KERNEL supported cpus:
[    0.000000]   Intel GenuineIntel
[    0.000000]   AMD AuthenticAMD
[    0.000000]   Hygon HygonGenuine
[    0.000000]   Centaur CentaurHauls
[    0.000000]   zhaoxin   Shanghai  
[    0.000000] x86/fpu: Supporting XSAVE feature 0x001: 'x87 floating point registers'
[    0.000000] x86/fpu: Supporting XSAVE feature 0x002: 'SSE registers'
[    0.000000] x86/fpu: Supporting XSAVE feature 0x004: 'AVX registers'
[    0.000000] x86/fpu: Supporting XSAVE feature 0x020: 'AVX-512 opmask'
[    0.000000] x86/fpu: Supporting XSAVE feature 0x040: 'AVX-512 Hi256'
[    0.000000] x86/fpu: Supporting XSAVE feature 0x080: 'AVX-512 ZMM_Hi256'
[    0.000000] x86/fpu: xstate_offset[2]:  576, xstate_sizes[2]:  256
[    0.000000] x86/fpu: xstate_offset[5]:  832, xstate_sizes[5]:   64
[    0.000000] x86/fpu: xstate_offset[6]:  896, xstate_sizes[6]:  512
[    0.000000] x86/fpu: xstate_offset[7]: 1408, xstate_sizes[7]: 1024
[    0.000000] x86/fpu: Enabled xstate features 0xe7, context size is 2432 bytes, using 'compacted' format.
[    0.000000] signal: max sigframe size: 3632
[    0.000000] BIOS-provided physical RAM map:
[    0.000000] BIOS-e820: [mem 0x0000000000000000-0x0000000000000fff] reserved
[    0.000000] BIOS-e820: [mem 0x0000000000001000-0x0000000000054fff] usable
[    0.000000] BIOS-e820: [mem 0x0000000000055000-0x000000000005ffff] reserved
[    0.000000] BIOS-e820: [mem 0x0000000000060000-0x0000000000097fff] usable
[    0.000000] BIOS-e820: [mem 0x0000000000098000-0x000000000009ffff] reserved
[    0.000000] BIOS-e820: [mem 0x0000000000100000-0x00000000bf8ecfff] usable
[    0.000000] BIOS-e820: [mem 0x00000000bf8ed000-0x00000000bfb6cfff] reserved
[    0.000000] BIOS-e820: [mem 0x00000000bfb6d000-0x00000000bfb7efff] ACPI data
[    0.000000] BIOS-e820: [mem 0x00000000bfb7f000-0x00000000bfbfefff] ACPI NVS
[    0.000000] BIOS-e820: [mem 0x00000000bfbff000-0x00000000bffdffff] usable
[    0.000000] BIOS-e820: [mem 0x00000000bffe0000-0x00000000bfffffff] reserved
[    0.000000] BIOS-e820: [mem 0x0000000100000000-0x000000083fffffff] usable
[    0.000000] NX (Execute Disable) protection: active
[    0.000000] efi: EFI v2.70 by EDK II
[    0.000000] efi: TPMFinalLog=0xbfbf7000 ACPI=0xbfb7e000 ACPI 2.0=0xbfb7e014 SMBIOS=0xbf9ca000 MEMATTR=0xbe366018 MOKvar=0xbe36b000 RNG=0xbf9cb118 TPMEventLog=0xbe35e018 
[    0.000000] efi: seeding entropy pool
[    0.000000] random: crng init done
[    0.000000] secureboot: Secure boot disabled
[    0.000000] SMBIOS 2.4 present.
[    0.000000] DMI: Google Google Compute Engine/Google Compute Engine, BIOS Google 11/10/2023
[    0.000000] Hypervisor detected: KVM
[    0.000000] kvm-clock: Using msrs 4b564d01 and 4b564d00
[    0.000000] kvm-clock: cpu 0, msr 3b5e01001, primary cpu clock
[    0.000001] kvm-clock: using sched offset of 4994621935 cycles
[    0.000004] clocksource: kvm-clock: mask: 0xffffffffffffffff max_cycles: 0x1cd42e4dffb, max_idle_ns: 881590591483 ns
[    0.000010] tsc: Detected 2800.176 MHz processor
[    0.000083] e820: update [mem 0x00000000-0x00000fff] usable ==> reserved
[    0.000086] e820: remove [mem 0x000a0000-0x000fffff] usable
[    0.000092] last_pfn = 0x840000 max_arch_pfn = 0x400000000
[    0.000146] x86/PAT: Configuration [0-7]: WB  WC  UC- UC  WB  WP  UC- WT  
[    0.000160] last_pfn = 0xbffe0 max_arch_pfn = 0x400000000
[    0.014660] e820: update [mem 0xbe36b000-0xbe36bfff] usable ==> reserved
[    0.014691] Using GB pages for direct mapping
[    0.015099] secureboot: Secure boot disabled
[    0.015107] ACPI: Early table checksum verification disabled
[    0.015114] ACPI: RSDP 0x00000000BFB7E014 000024 (v02 Google)
[    0.015119] ACPI: XSDT 0x00000000BFB7D0E8 00005C (v01 Google GOOGFACP 00000001      01000013)
[    0.015127] ACPI: FACP 0x00000000BFB78000 0000F4 (v02 Google GOOGFACP 00000001 GOOG 00000001)
[    0.015134] ACPI: DSDT 0x00000000BFB79000 001A64 (v01 Google GOOGDSDT 00000001 GOOG 00000001)
[    0.015138] ACPI: FACS 0x00000000BFBF2000 000040
[    0.015142] ACPI: SSDT 0x00000000BFB7C000 000316 (v02 GOOGLE Tpm2Tabl 00001000 INTL 20211217)
[    0.015147] ACPI: TPM2 0x00000000BFB7B000 000034 (v04 GOOGLE          00000001 GOOG 00000001)
[    0.015151] ACPI: SRAT 0x00000000BFB77000 000128 (v03 Google GOOGSRAT 00000001 GOOG 00000001)
[    0.015156] ACPI: APIC 0x00000000BFB76000 0000A6 (v05 Google GOOGAPIC 00000001 GOOG 00000001)
[    0.015160] ACPI: SSDT 0x00000000BFB75000 000BC6 (v01 Google GOOGSSDT 00000001 GOOG 00000001)
[    0.015164] ACPI: WAET 0x00000000BFB74000 000028 (v01 Google GOOGWAET 00000001 GOOG 00000001)
[    0.015167] ACPI: Reserving FACP table memory at [mem 0xbfb78000-0xbfb780f3]
[    0.015169] ACPI: Reserving DSDT table memory at [mem 0xbfb79000-0xbfb7aa63]
[    0.015171] ACPI: Reserving FACS table memory at [mem 0xbfbf2000-0xbfbf203f]
[    0.015172] ACPI: Reserving SSDT table memory at [mem 0xbfb7c000-0xbfb7c315]
[    0.015173] ACPI: Reserving TPM2 table memory at [mem 0xbfb7b000-0xbfb7b033]
[    0.015174] ACPI: Reserving SRAT table memory at [mem 0xbfb77000-0xbfb77127]
[    0.015175] ACPI: Reserving APIC table memory at [mem 0xbfb76000-0xbfb760a5]
[    0.015176] ACPI: Reserving SSDT table memory at [mem 0xbfb75000-0xbfb75bc5]
[    0.015177] ACPI: Reserving WAET table memory at [mem 0xbfb74000-0xbfb74027]
[    0.015306] SRAT: PXM 0 -> APIC 0x00 -> Node 0
[    0.015308] SRAT: PXM 0 -> APIC 0x01 -> Node 0
[    0.015309] SRAT: PXM 0 -> APIC 0x02 -> Node 0
[    0.015310] SRAT: PXM 0 -> APIC 0x03 -> Node 0
[    0.015311] SRAT: PXM 0 -> APIC 0x04 -> Node 0
[    0.015312] SRAT: PXM 0 -> APIC 0x05 -> Node 0
[    0.015313] SRAT: PXM 0 -> APIC 0x06 -> Node 0
[    0.015314] SRAT: PXM 0 -> APIC 0x07 -> Node 0
[    0.015317] ACPI: SRAT: Node 0 PXM 0 [mem 0x00000000-0x0009ffff]
[    0.015319] ACPI: SRAT: Node 0 PXM 0 [mem 0x00100000-0xbfffffff]
[    0.015321] ACPI: SRAT: Node 0 PXM 0 [mem 0x100000000-0x83fffffff]
[    0.015323] NUMA: Node 0 [mem 0x00000000-0x0009ffff] + [mem 0x00100000-0xbfffffff] -> [mem 0x00000000-0xbfffffff]
[    0.015326] NUMA: Node 0 [mem 0x00000000-0xbfffffff] + [mem 0x100000000-0x83fffffff] -> [mem 0x00000000-0x83fffffff]
[    0.015335] NODE_DATA(0) allocated [mem 0x83ffd6000-0x83fffffff]
[    0.016153] Zone ranges:
[    0.016155]   DMA      [mem 0x0000000000001000-0x0000000000ffffff]
[    0.016157]   DMA32    [mem 0x0000000001000000-0x00000000ffffffff]
[    0.016158]   Normal   [mem 0x0000000100000000-0x000000083fffffff]
[    0.016160]   Device   empty
[    0.016161] Movable zone start for each node
[    0.016164] Early memory node ranges
[    0.016164]   node   0: [mem 0x0000000000001000-0x0000000000054fff]
[    0.016166]   node   0: [mem 0x0000000000060000-0x0000000000097fff]
[    0.016167]   node   0: [mem 0x0000000000100000-0x00000000bf8ecfff]
[    0.016169]   node   0: [mem 0x00000000bfbff000-0x00000000bffdffff]
[    0.016170]   node   0: [mem 0x0000000100000000-0x000000083fffffff]
[    0.016173] Initmem setup node 0 [mem 0x0000000000001000-0x000000083fffffff]
[    0.016589] On node 0, zone DMA: 1 pages in unavailable ranges
[    0.016591] On node 0, zone DMA: 11 pages in unavailable ranges
[    0.016621] On node 0, zone DMA: 104 pages in unavailable ranges
[    0.031735] On node 0, zone DMA32: 786 pages in unavailable ranges
[    0.183867] On node 0, zone Normal: 32 pages in unavailable ranges
[    0.184248] ACPI: PM-Timer IO Port: 0xb008
[    0.184277] ACPI: LAPIC_NMI (acpi_id[0xff] dfl dfl lint[0x1])
[    0.184342] IOAPIC[0]: apic_id 0, version 17, address 0xfec00000, GSI 0-23
[    0.184346] ACPI: INT_SRC_OVR (bus 0 bus_irq 5 global_irq 5 high level)
[    0.184349] ACPI: INT_SRC_OVR (bus 0 bus_irq 9 global_irq 9 high level)
[    0.184351] ACPI: INT_SRC_OVR (bus 0 bus_irq 10 global_irq 10 high level)
[    0.184352] ACPI: INT_SRC_OVR (bus 0 bus_irq 11 global_irq 11 high level)
[    0.184357] ACPI: Using ACPI (MADT) for SMP configuration information
[    0.184364] smpboot: Allowing 8 CPUs, 0 hotplug CPUs
[    0.184401] PM: hibernation: Registered nosave memory: [mem 0x00000000-0x00000fff]
[    0.184406] PM: hibernation: Registered nosave memory: [mem 0x00055000-0x0005ffff]
[    0.184410] PM: hibernation: Registered nosave memory: [mem 0x00098000-0x0009ffff]
[    0.184412] PM: hibernation: Registered nosave memory: [mem 0x000a0000-0x000fffff]
[    0.184416] PM: hibernation: Registered nosave memory: [mem 0xbe36b000-0xbe36bfff]
[    0.184420] PM: hibernation: Registered nosave memory: [mem 0xbf8ed000-0xbfb6cfff]
[    0.184422] PM: hibernation: Registered nosave memory: [mem 0xbfb6d000-0xbfb7efff]
[    0.184425] PM: hibernation: Registered nosave memory: [mem 0xbfb7f000-0xbfbfefff]
[    0.184428] PM: hibernation: Registered nosave memory: [mem 0xbffe0000-0xbfffffff]
[    0.184431] PM: hibernation: Registered nosave memory: [mem 0xc0000000-0xffffffff]
[    0.184434] [mem 0xc0000000-0xffffffff] available for PCI devices
[    0.184438] Booting paravirtualized kernel on KVM
[    0.184442] clocksource: refined-jiffies: mask: 0xffffffff max_cycles: 0xffffffff, max_idle_ns: 7645519600211568 ns
[    0.184449] setup_percpu: NR_CPUS:8192 nr_cpumask_bits:8 nr_cpu_ids:8 nr_node_ids:1
[    0.185133] percpu: Embedded 60 pages/cpu s208896 r8192 d28672 u262144
[    0.185140] pcpu-alloc: s208896 r8192 d28672 u262144 alloc=1*2097152
[    0.185143] pcpu-alloc: [0] 0 1 2 3 4 5 6 7 
[    0.185170] kvm-guest: PV spinlocks enabled
[    0.185173] PV qspinlock hash table entries: 256 (order: 0, 4096 bytes, linear)
[    0.185185] Built 1 zonelists, mobility grouping on.  Total pages: 8253432
[    0.185187] Policy zone: Normal
[    0.185189] Kernel command line: BOOT_IMAGE=/boot/vmlinuz-5.15.0-1021-gcp root=PARTUUID=49c6040b-5111-48ce-89e3-a87db324ff04 ro console=ttyS0 panic=-1
[    0.185237] Unknown kernel command line parameters "BOOT_IMAGE=/boot/vmlinuz-5.15.0-1021-gcp", will be passed to user space.
[    0.193360] Dentry cache hash table entries: 4194304 (order: 13, 33554432 bytes, linear)
[    0.197444] Inode-cache hash table entries: 2097152 (order: 12, 16777216 bytes, linear)
[    0.197612] mem auto-init: stack:off, heap alloc:on, heap free:off
[    0.281905] Memory: 32819956K/33550696K available (16393K kernel code, 4411K rwdata, 10996K rodata, 3244K init, 6520K bss, 730480K reserved, 0K cma-reserved)
[    0.282030] SLUB: HWalign=64, Order=0-3, MinObjects=0, CPUs=8, Nodes=1
[    0.282051] ftrace: allocating 51245 entries in 201 pages
[    0.307117] ftrace: allocated 201 pages with 4 groups
[    0.307707] rcu: Hierarchical RCU implementation.
[    0.307709] rcu: 	RCU restricting CPUs from NR_CPUS=8192 to nr_cpu_ids=8.
[    0.307711] 	Rude variant of Tasks RCU enabled.
[    0.307712] 	Tracing variant of Tasks RCU enabled.
[    0.307713] rcu: RCU calculated value of scheduler-enlistment delay is 25 jiffies.
[    0.307714] rcu: Adjusting geometry for rcu_fanout_leaf=16, nr_cpu_ids=8
[    0.311644] NR_IRQS: 524544, nr_irqs: 488, preallocated irqs: 16
[    0.311878] Console: colour dummy device 80x25
[    0.445145] printk: console [ttyS0] enabled
[    0.445765] ACPI: Core revision 20210730
[    0.446913] APIC: Switch to symmetric I/O mode setup
[    0.447981] x2apic enabled
[    0.450624] Switched APIC routing to physical x2apic.
[    0.454899] ..TIMER: vector=0x30 apic1=0 pin1=0 apic2=-1 pin2=-1
[    0.455934] clocksource: tsc-early: mask: 0xffffffffffffffff max_cycles: 0x285ce7215f8, max_idle_ns: 440795270640 ns
[    0.457343] Calibrating delay loop (skipped) preset value.. 5600.35 BogoMIPS (lpj=11200704)
[    0.458476] pid_max: default: 32768 minimum: 301
[    0.467987] LSM: Security Framework initializing
[    0.468653] landlock: Up and running.
[    0.469155] Yama: becoming mindful.
[    0.469365] AppArmor: AppArmor initialized
[    0.469998] Mount-cache hash table entries: 65536 (order: 7, 524288 bytes, linear)
[    0.471178] Mountpoint-cache hash table entries: 65536 (order: 7, 524288 bytes, linear)
[    0.472850] Last level iTLB entries: 4KB 64, 2MB 8, 4MB 8
[    0.473341] Last level dTLB entries: 4KB 64, 2MB 0, 4MB 0, 1GB 4
[    0.474150] Spectre V1 : Mitigation: usercopy/swapgs barriers and __user pointer sanitization
[    0.475357] Spectre V2 : Mitigation: Enhanced IBRS
[    0.476034] Spectre V2 : Spectre v2 / SpectreRSB mitigation: Filling RSB on context switch
[    0.477339] Spectre V2 : Spectre v2 / PBRSB-eIBRS: Retire a single CALL on VMEXIT
[    0.478353] RETBleed: Mitigation: Enhanced IBRS
[    0.478979] Spectre V2 : mitigation: Enabling conditional Indirect Branch Prediction Barrier
[    0.480137] Speculative Store Bypass: Mitigation: Speculative Store Bypass disabled via prctl and seccomp
[    0.481346] MDS: Mitigation: Clear CPU buffers
[    0.481967] TAA: Mitigation: Clear CPU buffers
[    0.482602] MMIO Stale Data: Vulnerable: Clear CPU buffers attempted, no microcode
[    0.505606] Freeing SMP alternatives memory: 44K
[    0.614417] smpboot: CPU0: Intel(R) Xeon(R) CPU @ 2.80GHz (family: 0x6, model: 0x55, stepping: 0x7)
[    0.616316] Performance Events: unsupported p6 CPU model 85 no PMU driver, software events only.
[    0.617338] rcu: Hierarchical SRCU implementation.
[    0.617530] NMI watchdog: Perf NMI watchdog permanently disabled
[    0.618441] smp: Bringing up secondary CPUs ...
[    0.619169] x86: Booting SMP configuration:
[    0.619741] .... node  #0, CPUs:      #1
[    0.141497] kvm-clock: cpu 1, msr 3b5e01041, secondary cpu clock
[    0.620826]  #2
[    0.141497] kvm-clock: cpu 2, msr 3b5e01081, secondary cpu clock
[    0.622147]  #3
[    0.141497] kvm-clock: cpu 3, msr 3b5e010c1, secondary cpu clock
[    0.622982]  #4
[    0.141497] kvm-clock: cpu 4, msr 3b5e01101, secondary cpu clock
[    0.626208] MDS CPU bug present and SMT on, data leak possible. See https://www.kernel.org/doc/html/latest/admin-guide/hw-vuln/mds.html for more details.
[    0.627949] TAA CPU bug present and SMT on, data leak possible. See https://www.kernel.org/doc/html/latest/admin-guide/hw-vuln/tsx_async_abort.html for more details.
[    0.629340] MMIO Stale Data CPU bug present and SMT on, data leak possible. See https://www.kernel.org/doc/html/latest/admin-guide/hw-vuln/processor_mmio_stale_data.html for more details.
[    0.633468]  #5
[    0.141497] kvm-clock: cpu 5, msr 3b5e01141, secondary cpu clock
[    0.634204]  #6
[    0.141497] kvm-clock: cpu 6, msr 3b5e01181, secondary cpu clock
[    0.635001]  #7
[    0.141497] kvm-clock: cpu 7, msr 3b5e011c1, secondary cpu clock
[    0.637621] smp: Brought up 1 node, 8 CPUs
[    0.638827] smpboot: Max logical packages: 1
[    0.639405] smpboot: Total of 8 processors activated (44802.81 BogoMIPS)
[    0.642435] devtmpfs: initialized
[    0.642435] x86/mm: Memory block size: 128MB
[    0.646309] ACPI: PM: Registering ACPI NVS region [mem 0xbfb7f000-0xbfbfefff] (524288 bytes)
[    0.646542] clocksource: jiffies: mask: 0xffffffff max_cycles: 0xffffffff, max_idle_ns: 7645041785100000 ns
[    0.647876] futex hash table entries: 2048 (order: 5, 131072 bytes, linear)
[    0.649413] pinctrl core: initialized pinctrl subsystem
[    0.650392] PM: RTC time: 07:31:06, date: 2023-12-17
[    0.651273] NET: Registered PF_NETLINK/PF_ROUTE protocol family
[    0.653461] DMA: preallocated 4096 KiB GFP_KERNEL pool for atomic allocations
[    0.655235] DMA: preallocated 4096 KiB GFP_KERNEL|GFP_DMA pool for atomic allocations
[    0.657465] DMA: preallocated 4096 KiB GFP_KERNEL|GFP_DMA32 pool for atomic allocations
[    0.658549] audit: initializing netlink subsys (disabled)
[    0.659349] audit: type=2000 audit(1702798265.971:1): state=initialized audit_enabled=0 res=1
[    0.659349] thermal_sys: Registered thermal governor 'fair_share'
[    0.659349] thermal_sys: Registered thermal governor 'bang_bang'
[    0.661340] thermal_sys: Registered thermal governor 'step_wise'
[    0.662173] thermal_sys: Registered thermal governor 'user_space'
[    0.663042] thermal_sys: Registered thermal governor 'power_allocator'
[    0.663893] EISA bus registered
[    0.665350] cpuidle: using governor ladder
[    0.665909] cpuidle: using governor menu
[    0.666538] ACPI: bus type PCI registered
[    0.667134] acpiphp: ACPI Hot Plug PCI Controller Driver version: 0.5
[    0.668130] PCI: Using configuration type 1 for base access
[    0.670688] Kprobes globally optimized
[    0.671291] HugeTLB registered 1.00 GiB page size, pre-allocated 0 pages
[    0.671291] HugeTLB registered 2.00 MiB page size, pre-allocated 0 pages
[    0.673845] ACPI: Added _OSI(Module Device)
[    0.674123] ACPI: Added _OSI(Processor Device)
[    0.677341] ACPI: Added _OSI(3.0 _SCP Extensions)
[    0.678018] ACPI: Added _OSI(Processor Aggregator Device)
[    0.678793] ACPI: Added _OSI(Linux-Dell-Video)
[    0.679484] ACPI: Added _OSI(Linux-Lenovo-NV-HDMI-Audio)
[    0.680230] ACPI: Added _OSI(Linux-HPI-Hybrid-Graphics)
[    0.682964] ACPI: 3 ACPI AML tables successfully acquired and loaded
[    0.685038] ACPI: Interpreter enabled
[    0.685364] ACPI: PM: (supports S0 S3 S4 S5)
[    0.685962] ACPI: Using IOAPIC for interrupt routing
[    0.686696] PCI: Using host bridge windows from ACPI; if necessary, use "pci=nocrs" and report a bug
[    0.687953] PCI: Using E820 reservations for host bridge windows
[    0.688990] ACPI: Enabled 16 GPEs in block 00 to 0F
[    0.691959] ACPI: PCI Root Bridge [PCI0] (domain 0000 [bus 00-ff])
[    0.693344] acpi PNP0A03:00: _OSC: OS supports [ASPM ClockPM Segments MSI EDR HPX-Type3]
[    0.694463] acpi PNP0A03:00: fail to add MMCONFIG information, can't access extended PCI configuration space under this bridge.
[    0.696778] PCI host bridge to bus 0000:00
[    0.697340] pci_bus 0000:00: root bus resource [bus 00-ff]
[    0.698150] pci_bus 0000:00: root bus resource [io  0x0000-0x0cf7 window]
[    0.699084] pci_bus 0000:00: root bus resource [io  0x0d00-0xffff window]
[    0.700051] pci_bus 0000:00: root bus resource [mem 0x000a0000-0x000bffff window]
[    0.701123] pci_bus 0000:00: root bus resource [mem 0xc0000000-0xfebfefff window]
[    0.701432] pci 0000:00:00.0: [8086:1237] type 00 class 0x060000
[    0.706076] pci 0000:00:01.0: [8086:7110] type 00 class 0x060100
[    0.725645] pci 0000:00:01.3: [8086:7113] type 00 class 0x068000
[    0.744655] pci 0000:00:01.3: quirk: [io  0xb000-0xb03f] claimed by PIIX4 ACPI
[    0.746206] pci 0000:00:03.0: [1af4:1004] type 00 class 0x000000
[    0.754648] pci 0000:00:03.0: reg 0x10: [io  0xc040-0xc07f]
[    0.761345] pci 0000:00:03.0: reg 0x14: [mem 0xc0001000-0xc000107f]
[    0.777944] pci 0000:00:04.0: [1af4:1000] type 00 class 0x020000
[    0.785345] pci 0000:00:04.0: reg 0x10: [io  0xc000-0xc03f]
[    0.791849] pci 0000:00:04.0: reg 0x14: [mem 0xc0000000-0xc00001ff]
[    0.807330] pci 0000:00:05.0: [1af4:1005] type 00 class 0x00ff00
[    0.814498] pci 0000:00:05.0: reg 0x10: [io  0xc080-0xc09f]
[    0.819540] pci 0000:00:05.0: reg 0x14: [mem 0xc0002000-0xc000203f]
[    0.841107] ACPI: PCI: Interrupt link LNKA configured for IRQ 10
[    0.842381] ACPI: PCI: Interrupt link LNKB configured for IRQ 10
[    0.844347] ACPI: PCI: Interrupt link LNKC configured for IRQ 11
[    0.846381] ACPI: PCI: Interrupt link LNKD configured for IRQ 11
[    0.848246] ACPI: PCI: Interrupt link LNKS configured for IRQ 9
[    0.850169] iommu: Default domain type: Translated 
[    0.850169] iommu: DMA domain TLB invalidation policy: lazy mode 
[    0.850999] SCSI subsystem initialized
[    0.851525] libata version 3.00 loaded.
[    0.851525] vgaarb: loaded
[    0.851525] ACPI: bus type USB registered
[    0.853362] usbcore: registered new interface driver usbfs
[    0.854109] usbcore: registered new interface driver hub
[    0.854829] usbcore: registered new device driver usb
[    0.855536] pps_core: LinuxPPS API ver. 1 registered
[    0.856230] pps_core: Software ver. 5.3.6 - Copyright 2005-2007 Rodolfo Giometti <giometti@linux.it>
[    0.857342] PTP clock support registered
[    0.857913] EDAC MC: Ver: 3.0.0
[    0.857913] Registered efivars operations
[    0.857978] NetLabel: Initializing
[    0.857978] NetLabel:  domain hash size = 128
[    0.858557] NetLabel:  protocols = UNLABELED CIPSOv4 CALIPSO
[    0.861363] NetLabel:  unlabeled traffic allowed by default
[    0.862170] PCI: Using ACPI for IRQ routing
[    0.862170] PCI: pci_cache_line_size set to 64 bytes
[    0.862170] e820: reserve RAM buffer [mem 0x00055000-0x0005ffff]
[    0.862170] e820: reserve RAM buffer [mem 0x00098000-0x0009ffff]
[    0.862170] e820: reserve RAM buffer [mem 0xbe36b000-0xbfffffff]
[    0.862170] e820: reserve RAM buffer [mem 0xbf8ed000-0xbfffffff]
[    0.862170] e820: reserve RAM buffer [mem 0xbffe0000-0xbfffffff]
[    0.862170] clocksource: Switched to clocksource kvm-clock
[    0.873668] VFS: Disk quotas dquot_6.6.0
[    0.874346] VFS: Dquot-cache hash table entries: 512 (order 0, 4096 bytes)
[    0.875430] AppArmor: AppArmor Filesystem Enabled
[    0.876129] pnp: PnP ACPI init
[    0.877124] pnp: PnP ACPI: found 7 devices
[    0.884571] clocksource: acpi_pm: mask: 0xffffff max_cycles: 0xffffff, max_idle_ns: 2085701024 ns
[    0.885879] NET: Registered PF_INET protocol family
[    0.887116] IP idents hash table entries: 262144 (order: 9, 2097152 bytes, linear)
[    0.889763] tcp_listen_portaddr_hash hash table entries: 16384 (order: 6, 262144 bytes, linear)
[    0.891372] Table-perturb hash table entries: 65536 (order: 6, 262144 bytes, linear)
[    0.893111] TCP established hash table entries: 262144 (order: 9, 2097152 bytes, linear)
[    0.894438] TCP bind hash table entries: 65536 (order: 8, 1048576 bytes, linear)
[    0.895637] TCP: Hash tables configured (established 262144 bind 65536)
[    0.897157] MPTCP token hash table entries: 32768 (order: 7, 786432 bytes, linear)
[    0.898313] UDP hash table entries: 16384 (order: 7, 524288 bytes, linear)
[    0.899342] UDP-Lite hash table entries: 16384 (order: 7, 524288 bytes, linear)
[    0.900460] NET: Registered PF_UNIX/PF_LOCAL protocol family
[    0.901304] NET: Registered PF_XDP protocol family
[    0.901967] pci_bus 0000:00: resource 4 [io  0x0000-0x0cf7 window]
[    0.902796] pci_bus 0000:00: resource 5 [io  0x0d00-0xffff window]
[    0.903622] pci_bus 0000:00: resource 6 [mem 0x000a0000-0x000bffff window]
[    0.904534] pci_bus 0000:00: resource 7 [mem 0xc0000000-0xfebfefff window]
[    0.905487] pci 0000:00:00.0: Limiting direct PCI/PCI transfers
[    0.906331] PCI: CLS 0 bytes, default 64
[    0.906878] PCI-DMA: Using software bounce buffering for IO (SWIOTLB)
[    0.907736] software IO TLB: mapped [mem 0x00000000b7ff7000-0x00000000bbff7000] (64MB)
[    0.908896] clocksource: tsc: mask: 0xffffffffffffffff max_cycles: 0x285ce7215f8, max_idle_ns: 440795270640 ns
[    0.910297] clocksource: Switched to clocksource tsc
[    0.911447] Initialise system trusted keyrings
[    0.912062] Key type blacklist registered
[    0.912693] workingset: timestamp_bits=36 max_order=23 bucket_order=0
[    0.914966] zbud: loaded
[    0.915573] squashfs: version 4.0 (2009/01/31) Phillip Lougher
[    0.916574] fuse: init (API version 7.34)
[    0.917457] integrity: Platform Keyring initialized
[    0.924832] Key type asymmetric registered
[    0.925414] Asymmetric key parser 'x509' registered
[    0.926094] Block layer SCSI generic (bsg) driver version 0.4 loaded (major 243)
[    0.927160] io scheduler mq-deadline registered
[    0.928119] shpchp: Standard Hot Plug PCI Controller Driver version: 0.4
[    0.929112] input: Power Button as /devices/LNXSYSTM:00/LNXPWRBN:00/input/input0
[    0.930131] ACPI: button: Power Button [PWRF]
[    0.930765] input: Sleep Button as /devices/LNXSYSTM:00/LNXSLPBN:00/input/input1
[    0.931757] ACPI: button: Sleep Button [SLPF]
[    0.934441] ACPI: \_SB_.LNKC: Enabled at IRQ 11
[    0.935112] virtio-pci 0000:00:03.0: virtio_pci: leaving for legacy driver
[    0.941569] ACPI: \_SB_.LNKD: Enabled at IRQ 10
[    0.942254] virtio-pci 0000:00:04.0: virtio_pci: leaving for legacy driver
[    0.947006] ACPI: \_SB_.LNKA: Enabled at IRQ 10
[    0.947687] virtio-pci 0000:00:05.0: virtio_pci: leaving for legacy driver
[    0.950832] Serial: 8250/16550 driver, 32 ports, IRQ sharing enabled
[    0.972850] 00:03: ttyS0 at I/O 0x3f8 (irq = 4, base_baud = 115200) is a 16550A
[    0.995343] 00:04: ttyS1 at I/O 0x2f8 (irq = 3, base_baud = 115200) is a 16550A
[    1.017576] 00:05: ttyS2 at I/O 0x3e8 (irq = 6, base_baud = 115200) is a 16550A
[    1.039831] 00:06: ttyS3 at I/O 0x2e8 (irq = 7, base_baud = 115200) is a 16550A
[    1.042166] Linux agpgart interface v0.103
[    1.044115] tpm_tis MSFT0101:00: 2.0 TPM (device-id 0x9009, rev-id 0)
[    1.056673] loop: module loaded
[    1.065631] scsi host0: Virtio SCSI HBA
[    1.070447] scsi 0:0:1:0: Direct-Access     Google   PersistentDisk   1    PQ: 0 ANSI: 6
[    1.070455] tun: Universal TUN/TAP device driver, 1.6
[    1.071998] PPP generic driver version 2.4.2
[    1.072543] VFIO - User Level meta-driver version: 0.3
[    1.073245] ehci_hcd: USB 2.0 'Enhanced' Host Controller (EHCI) Driver
[    1.073914] ehci-pci: EHCI PCI platform driver
[    1.074429] ehci-platform: EHCI generic platform driver
[    1.075052] ohci_hcd: USB 1.1 'Open' Host Controller (OHCI) Driver
[    1.075738] ohci-pci: OHCI PCI platform driver
[    1.076314] ohci-platform: OHCI generic platform driver
[    1.076863] uhci_hcd: USB Universal Host Controller Interface driver
[    1.077622] i8042: PNP: PS/2 Controller [PNP0303:KBD,PNP0f13:MOU] at 0x60,0x64 irq 1,12
[    1.078635] i8042: Warning: Keylock active
[    1.080436] serio: i8042 KBD port at 0x60,0x64 irq 1
[    1.081020] serio: i8042 AUX port at 0x60,0x64 irq 12
[    1.081702] mousedev: PS/2 mouse device common for all mice
[    1.082424] rtc_cmos 00:00: RTC can wake from S4
[    1.083688] rtc_cmos 00:00: registered as rtc0
[    1.084255] rtc_cmos 00:00: setting system clock to 2023-12-17T07:31:06 UTC (1702798266)
[    1.085054] rtc_cmos 00:00: alarms up to one day, 114 bytes nvram
[    1.085713] i2c_dev: i2c /dev entries driver
[    1.086190] device-mapper: core: CONFIG_IMA_DISABLE_HTABLE is disabled. Duplicate IMA measurements will not be recorded in the IMA log.
[    1.087378] device-mapper: uevent: version 1.0.3
[    1.087943] device-mapper: ioctl: 4.45.0-ioctl (2021-03-22) initialised: dm-devel@redhat.com
[    1.088811] platform eisa.0: Probing EISA bus 0
[    1.089346] platform eisa.0: EISA: Cannot allocate resource for mainboard
[    1.090063] platform eisa.0: Cannot allocate resource for EISA slot 1
[    1.090746] platform eisa.0: Cannot allocate resource for EISA slot 2
[    1.091426] platform eisa.0: Cannot allocate resource for EISA slot 3
[    1.092082] platform eisa.0: Cannot allocate resource for EISA slot 4
[    1.092718] platform eisa.0: Cannot allocate resource for EISA slot 5
[    1.093559] platform eisa.0: Cannot allocate resource for EISA slot 6
[    1.094204] platform eisa.0: Cannot allocate resource for EISA slot 7
[    1.094857] platform eisa.0: Cannot allocate resource for EISA slot 8
[    1.095476] platform eisa.0: EISA: Detected 0 cards
[    1.095556] scsi 0:0:1:0: Attached scsi generic sg0 type 0
[    1.095946] intel_pstate: CPU model not supported
[    1.096797] sd 0:0:1:0: [sda] 209715200 512-byte logical blocks: (107 GB/100 GiB)
[    1.097969] sd 0:0:1:0: [sda] 4096-byte physical blocks
[    1.098676] sd 0:0:1:0: [sda] Write Protect is off
[    1.098779] ledtrig-cpu: registered to indicate activity on CPUs
[    1.099220] sd 0:0:1:0: [sda] Mode Sense: 1f 00 00 08
[    1.099943] EFI Variables Facility v0.08 2004-May-17
[    1.099989] sd 0:0:1:0: [sda] Write cache: enabled, read cache: enabled, doesn't support DPO or FUA
[    1.106862] drop_monitor: Initializing network drop monitor service
[    1.108439] NET: Registered PF_INET6 protocol family
[    1.110140] Segment Routing with IPv6
[    1.110525] In-situ OAM (IOAM) with IPv6
[    1.110961] NET: Registered PF_PACKET protocol family
[    1.111533] Key type dns_resolver registered
[    1.112978] No MBM correction factor available
[    1.113489] IPI shorthand broadcast: enabled
[    1.114026] sched_clock: Marking stable (975982725, 137497461)->(1114298524, -818338)
[    1.115117] registered taskstats version 1
[    1.115785] Loading compiled-in X.509 certificates
[    1.116941] Loaded X.509 cert 'Build time autogenerated kernel key: 0b855d19725b9e83846d5fbb45422a8043895101'
[    1.118470] Loaded X.509 cert 'Canonical Ltd. Live Patch Signing: 14df34d1a87cf37625abec039ef2bf521249b969'
[    1.119964] Loaded X.509 cert 'Canonical Ltd. Kernel Module Signing: 88f752e560a1e0737e31163a466ad7b70a850c19'
[    1.120974] blacklist: Loading compiled-in revocation X.509 certificates
[    1.121678] Loaded X.509 cert 'Canonical Ltd. Secure Boot Signing: 61482aa2830d0ab2ad5af10b7250da9033ddcef0'
[    1.123592] zswap: loaded using pool lzo/zbud
[    1.124707] Key type ._fscrypt registered
[    1.125244] Key type .fscrypt registered
[    1.125669] Key type fscrypt-provisioning registered
[    1.126560] Key type trusted registered
[    1.127305] Key type encrypted registered
[    1.127760] AppArmor: AppArmor sha1 policy hashing enabled
[    1.128932] integrity: Loading X.509 certificate: UEFI:db
[    1.129909] integrity: Loaded X.509 cert 'Microsoft Corporation UEFI CA 2011: 13adbf4309bd82709c8cd54f316ed522988a1bd4'
[    1.131036] integrity: Loading X.509 certificate: UEFI:db
[    1.131606] integrity: Loaded X.509 cert 'Microsoft Windows Production PCA 2011: a92902398e16c49778cd90f99e4f9ae17c55af53'
[    1.133171] integrity: Loading X.509 certificate: UEFI:MokListRT (MOKvar table)
[    1.134460] integrity: Loaded X.509 cert 'Canonical Ltd. Master Certificate Authority: ad91990bc22ab1f517048c23b6655a268e345a63'
[    1.135697] Loading compiled-in module X.509 certificates
[    1.136719] Loaded X.509 cert 'Build time autogenerated kernel key: 0b855d19725b9e83846d5fbb45422a8043895101'
[    1.136801] GPT:Primary header thinks Alt. header is not at the end of the disk.
[    1.137761] ima: Allocated hash algorithm: sha1
[    1.139015] GPT:4612095 != 209715199
[    1.139449] GPT:Alternate GPT header not at the end of the disk.
[    1.140091] GPT:4612095 != 209715199
[    1.140519] GPT: Use GNU Parted to correct GPT errors.
[    1.141181]  sda: sda1 sda14 sda15
[    1.172654] ima: No architecture policies found
[    1.173231] evm: Initialising EVM extended attributes:
[    1.173828] evm: security.selinux
[    1.174261] evm: security.SMACK64
[    1.174643] evm: security.SMACK64EXEC
[    1.175059] evm: security.SMACK64TRANSMUTE
[    1.175509] evm: security.SMACK64MMAP
[    1.175926] evm: security.apparmor
[    1.176296] evm: security.ima
[    1.176630] evm: security.capability
[    1.177006] evm: HMAC attrs: 0x1
[    1.177647] PM:   Magic number: 3:533:521
[    1.177754] sd 0:0:1:0: [sda] Attached SCSI disk
[    1.179359] RAS: Correctable Errors collector initialized.
[    1.285731] input: AT Translated Set 2 keyboard as /devices/platform/i8042/serio0/input/input2
[    1.287284] md: Waiting for all devices to be available before autodetect
[    1.288231] md: If you don't use raid, use raid=noautodetect
[    1.289055] md: Autodetecting RAID arrays.
[    1.289645] md: autorun ...
[    1.290040] md: ... autorun DONE.
[    1.296217] EXT4-fs (sda1): mounted filesystem with ordered data mode. Opts: (null). Quota mode: none.
[    1.297655] VFS: Mounted root (ext4 filesystem) readonly on device 8:1.
[    1.298920] devtmpfs: mounted
[    1.300506] Freeing unused decrypted memory: 2036K
[    1.302148] Freeing unused kernel image (initmem) memory: 3244K
[    1.325382] Write protecting the kernel read-only data: 30720k
[    1.327981] Freeing unused kernel image (text/rodata gap) memory: 2036K
[    1.329465] Freeing unused kernel image (rodata/data gap) memory: 1292K
[    1.341702] x86/mm: Checked W+X mappings: passed, no W+X pages found.
[    1.342692] Run /sbin/init as init process
[    1.343320]   with arguments:
[    1.343321]     /sbin/init
[    1.343322]   with environment:
[    1.343323]     HOME=/
[    1.343324]     TERM=linux
[    1.343324]     BOOT_IMAGE=/boot/vmlinuz-5.15.0-1021-gcp
[    1.530823] systemd[1]: Inserted module 'autofs4'
[    1.573314] systemd[1]: systemd 249.11-0ubuntu3.6 running in system mode (+PAM +AUDIT +SELINUX +APPARMOR +IMA +SMACK +SECCOMP +GCRYPT +GNUTLS +OPENSSL +ACL +BLKID +CURL +ELFUTILS +FIDO2 +IDN2 -IDN +IPTC +KMOD +LIBCRYPTSETUP +LIBFDISK +PCRE2 -PWQUALITY -P11KIT -QRENCODE +BZIP2 +LZ4 +XZ +ZLIB +ZSTD -XKBCOMMON +UTMP +SYSVINIT default-hierarchy=unified)
[    1.577743] systemd[1]: Detected virtualization kvm.
[    1.578464] systemd[1]: Detected architecture x86-64.
[    1.594087] systemd[1]: Hostname set to <ubuntu>.
[    1.598250] systemd[1]: Initializing machine ID from VM UUID.
[    1.599169] systemd[1]: Installed transient /etc/machine-id file.
[    1.842734] systemd[1]: Queued start job for default target Graphical Interface.
[    1.845032] systemd[1]: Created slice Slice /system/modprobe.
[    1.857732] systemd[1]: Created slice Slice /system/serial-getty.
[    1.869742] systemd[1]: Created slice Slice /system/systemd-fsck.
[    1.881600] systemd[1]: Created slice User and Session Slice.
[    1.893504] systemd[1]: Started Forward Password Requests to Wall Directory Watch.
[    1.905623] systemd[1]: Set up automount Arbitrary Executable File Formats File System Automount Point.
[    1.917554] systemd[1]: Reached target Slice Units.
[    1.929454] systemd[1]: Reached target Swaps.
[    1.941474] systemd[1]: Reached target System Time Set.
[    1.953526] systemd[1]: Reached target Local Verity Protected Volumes.
[    1.965555] systemd[1]: Listening on Device-mapper event daemon FIFOs.
[    1.967963] systemd[1]: Listening on LVM2 poll daemon socket.
[    1.981579] systemd[1]: Listening on multipathd control socket.
[    1.993589] systemd[1]: Listening on Syslog Socket.
[    2.005588] systemd[1]: Listening on fsck to fsckd communication Socket.
[    2.017519] systemd[1]: Listening on initctl Compatibility Named Pipe.
[    2.029700] systemd[1]: Listening on Journal Audit Socket.
[    2.041572] systemd[1]: Listening on Journal Socket (/dev/log).
[    2.053593] systemd[1]: Listening on Journal Socket.
[    2.065649] systemd[1]: Listening on Network Service Netlink Socket.
[    2.077617] systemd[1]: Listening on udev Control Socket.
[    2.089608] systemd[1]: Listening on udev Kernel Socket.
[    2.102244] systemd[1]: Mounting Huge Pages File System...
[    2.114287] systemd[1]: Mounting POSIX Message Queue File System...
[    2.126180] systemd[1]: Mounting Kernel Debug File System...
[    2.139006] systemd[1]: Mounting Kernel Trace File System...
[    2.151037] systemd[1]: Starting Journal Service...
[    2.162713] systemd[1]: Starting Set the console keyboard layout...
[    2.174255] systemd[1]: Starting Create List of Static Device Nodes...
[    2.186403] systemd[1]: Starting Monitoring of LVM2 mirrors, snapshots etc. using dmeventd or progress polling...
[    2.201456] systemd[1]: Condition check resulted in LXD - agent being skipped.
[    2.203365] systemd[1]: Starting Load Kernel Module chromeos_pstore...
[    2.214289] systemd[1]: Starting Load Kernel Module configfs...
[    2.230229] systemd[1]: Starting Load Kernel Module drm...
[    2.242232] systemd[1]: Starting Load Kernel Module efi_pstore...
[    2.252770] pstore: Using crash dump compression: deflate
[    2.253622] pstore: Registered efi as persistent store backend
[    2.258262] systemd[1]: Starting Load Kernel Module fuse...
[    2.270291] systemd[1]: Starting Load Kernel Module pstore_blk...
[    2.282246] systemd[1]: Starting Load Kernel Module pstore_zone...
[    2.294323] systemd[1]: Starting Load Kernel Module ramoops...
[    2.310087] systemd[1]: Condition check resulted in OpenVSwitch configuration for cleanup being skipped.
[    2.312428] systemd[1]: Starting File System Check on Root Device...
[    2.331177] systemd[1]: Starting Load Kernel Modules...
[    2.333022] systemd[1]: Starting Coldplug All udev Devices...
[    2.335125] systemd[1]: Started Journal Service.
[    2.501454] EXT4-fs (sda1): re-mounted. Opts: discard,errors=remount-ro. Quota mode: none.
[    2.519459] alua: device handler registered
[    2.520763] emc: device handler registered
[    2.522717] rdac: device handler registered
[    2.534910] systemd-journald[218]: Received client request to flush runtime journal.
[    2.789105] cryptd: max_cpu_qlen set to 1000
[    2.842021] AVX2 version of gcm_enc/dec engaged.
[    2.842239] AES CTR mode by8 optimization enabled
[    2.960561] virtio_net virtio1 ens4: renamed from eth0
[    3.166257] loop0: detected capacity change from 0 to 113792
[    3.177008] loop1: detected capacity change from 0 to 129480
[    3.189792] loop2: detected capacity change from 0 to 616800
[    3.201075] loop3: detected capacity change from 0 to 210912
[    3.217517] loop4: detected capacity change from 0 to 98272
[    3.454609] audit: type=1400 audit(1702798268.867:2): apparmor="STATUS" operation="profile_load" profile="unconfined" name="lsb_release" pid=421 comm="apparmor_parser"
[    3.458806] audit: type=1400 audit(1702798268.871:3): apparmor="STATUS" operation="profile_load" profile="unconfined" name="nvidia_modprobe" pid=422 comm="apparmor_parser"
[    3.460334] audit: type=1400 audit(1702798268.871:4): apparmor="STATUS" operation="profile_load" profile="unconfined" name="nvidia_modprobe//kmod" pid=422 comm="apparmor_parser"
[    3.478488] audit: type=1400 audit(1702798268.891:5): apparmor="STATUS" operation="profile_load" profile="unconfined" name="/usr/bin/man" pid=424 comm="apparmor_parser"
[    3.479347] audit: type=1400 audit(1702798268.891:6): apparmor="STATUS" operation="profile_load" profile="unconfined" name="man_filter" pid=424 comm="apparmor_parser"
[    3.480506] audit: type=1400 audit(1702798268.891:7): apparmor="STATUS" operation="profile_load" profile="unconfined" name="man_groff" pid=424 comm="apparmor_parser"
[    3.481064] audit: type=1400 audit(1702798268.891:8): apparmor="STATUS" operation="profile_load" profile="unconfined" name="tcpdump" pid=425 comm="apparmor_parser"
[    3.514035] audit: type=1400 audit(1702798268.927:9): apparmor="STATUS" operation="profile_load" profile="unconfined" name="/usr/sbin/chronyd" pid=428 comm="apparmor_parser"
[    3.596379] audit: type=1400 audit(1702798269.007:10): apparmor="STATUS" operation="profile_load" profile="unconfined" name="/usr/lib/NetworkManager/nm-dhcp-client.action" pid=423 comm="apparmor_parser"
[    3.650381] input: ImExPS/2 Generic Explorer Mouse as /devices/platform/i8042/serio1/input/input4
[    7.651710] EXT4-fs (sda1): resizing filesystem from 548091 to 26185979 blocks
[    7.828945] EXT4-fs (sda1): resized filesystem to 26185979
[   11.142608] loop5: detected capacity change from 0 to 8
[   21.631109] fbcon: Taking over console
[  852.897374] systemd[1]: systemd 249.11-0ubuntu3.6 running in system mode (+PAM +AUDIT +SELINUX +APPARMOR +IMA +SMACK +SECCOMP +GCRYPT +GNUTLS +OPENSSL +ACL +BLKID +CURL +ELFUTILS +FIDO2 +IDN2 -IDN +IPTC +KMOD +LIBCRYPTSETUP +LIBFDISK +PCRE2 -PWQUALITY -P11KIT -QRENCODE +BZIP2 +LZ4 +XZ +ZLIB +ZSTD -XKBCOMMON +UTMP +SYSVINIT default-hierarchy=unified)
[  852.897458] systemd[1]: Detected virtualization kvm.
[  852.897462] systemd[1]: Detected architecture x86-64.
[  874.342940] kauditd_printk_skb: 28 callbacks suppressed
[  874.342944] audit: type=1400 audit(1702799139.850:39): apparmor="STATUS" operation="profile_replace" profile="unconfined" name="tcpdump" pid=6923 comm="apparmor_parser"
[  876.011805] audit: type=1400 audit(1702799141.519:40): apparmor="DENIED" operation="open" profile="/{,usr/}sbin/dhclient" name="/proc/cmdline" pid=7227 comm="dhclient" requested_mask="r" denied_mask="r" fsuid=0 ouid=0
[  877.051929] audit: type=1400 audit(1702799142.559:41): apparmor="STATUS" operation="profile_replace" info="same as current profile, skipping" profile="unconfined" name="/usr/lib/NetworkManager/nm-dhcp-client.action" pid=7338 comm="apparmor_parser"
[  877.053397] audit: type=1400 audit(1702799142.559:42): apparmor="STATUS" operation="profile_replace" info="same as current profile, skipping" profile="unconfined" name="/usr/lib/NetworkManager/nm-dhcp-helper" pid=7338 comm="apparmor_parser"
[  877.054782] audit: type=1400 audit(1702799142.563:43): apparmor="STATUS" operation="profile_replace" info="same as current profile, skipping" profile="unconfined" name="/usr/lib/connman/scripts/dhclient-script" pid=7338 comm="apparmor_parser"
[  877.057519] audit: type=1400 audit(1702799142.563:44): apparmor="STATUS" operation="profile_replace" profile="unconfined" name="/{,usr/}sbin/dhclient" pid=7338 comm="apparmor_parser"
[  880.087171] audit: type=1400 audit(1702799145.595:45): apparmor="STATUS" operation="profile_replace" info="same as current profile, skipping" profile="unconfined" name="lsb_release" pid=7952 comm="apparmor_parser"
[  880.142311] audit: type=1400 audit(1702799145.651:46): apparmor="STATUS" operation="profile_replace" info="same as current profile, skipping" profile="unconfined" name="nvidia_modprobe" pid=7955 comm="apparmor_parser"
[  880.143375] audit: type=1400 audit(1702799145.651:47): apparmor="STATUS" operation="profile_replace" info="same as current profile, skipping" profile="unconfined" name="nvidia_modprobe//kmod" pid=7955 comm="apparmor_parser"
[  880.468307] audit: type=1400 audit(1702799145.975:48): apparmor="STATUS" operation="profile_replace" info="same as current profile, skipping" profile="unconfined" name="lsb_release" pid=8007 comm="apparmor_parser"
[  880.469465] audit: type=1400 audit(1702799145.975:49): apparmor="STATUS" operation="profile_replace" profile="unconfined" name="nvidia_modprobe" pid=8008 comm="apparmor_parser"
[  880.489810] audit: type=1400 audit(1702799145.999:50): apparmor="STATUS" operation="profile_replace" profile="unconfined" name="nvidia_modprobe//kmod" pid=8008 comm="apparmor_parser"
[  880.536960] audit: type=1400 audit(1702799146.043:51): apparmor="STATUS" operation="profile_replace" info="same as current profile, skipping" profile="unconfined" name="/usr/bin/man" pid=8010 comm="apparmor_parser"
[  880.537827] audit: type=1400 audit(1702799146.047:52): apparmor="STATUS" operation="profile_replace" info="same as current profile, skipping" profile="unconfined" name="man_filter" pid=8010 comm="apparmor_parser"
[  880.539003] audit: type=1400 audit(1702799146.047:53): apparmor="STATUS" operation="profile_replace" info="same as current profile, skipping" profile="unconfined" name="man_groff" pid=8010 comm="apparmor_parser"
[  880.544853] audit: type=1400 audit(1702799146.051:54): apparmor="STATUS" operation="profile_replace" info="same as current profile, skipping" profile="unconfined" name="/usr/sbin/chronyd" pid=8013 comm="apparmor_parser"
[  896.692831] systemd-journald[218]: Received SIGTERM from PID 1 (systemd).
[  896.692965] systemd[1]: Stopping Journal Service...
[  896.693599] systemd[1]: Started Hostname Service.
[  896.703507] systemd[1]: systemd-journald.service: Deactivated successfully.
[  896.703749] systemd[1]: Stopped Journal Service.
[  896.706168] systemd[1]: Starting Journal Service...
[  896.723379] systemd[1]: Started Journal Service.
[  904.223156] kauditd_printk_skb: 7 callbacks suppressed
[  904.223159] audit: type=1400 audit(1702799169.732:62): apparmor="STATUS" operation="profile_replace" profile="unconfined" name="/usr/lib/snapd/snap-confine" pid=15228 comm="apparmor_parser"
[  904.237278] audit: type=1400 audit(1702799169.748:63): apparmor="STATUS" operation="profile_replace" info="same as current profile, skipping" profile="unconfined" name="/usr/lib/snapd/snap-confine//mount-namespace-capture-helper" pid=15228 comm="apparmor_parser"
[  905.827249] loop5: detected capacity change from 0 to 8
[  906.391795] audit: type=1400 audit(1702799171.901:64): apparmor="STATUS" operation="profile_replace" info="same as current profile, skipping" profile="unconfined" name="/snap/snapd/17029/usr/lib/snapd/snap-confine" pid=15529 comm="apparmor_parser"
[  906.392774] audit: type=1400 audit(1702799171.905:65): apparmor="STATUS" operation="profile_replace" info="same as current profile, skipping" profile="unconfined" name="/snap/snapd/17029/usr/lib/snapd/snap-confine//mount-namespace-capture-helper" pid=15529 comm="apparmor_parser"
[  906.413786] audit: type=1400 audit(1702799171.925:66): apparmor="STATUS" operation="profile_replace" profile="unconfined" name="snap-update-ns.lxd" pid=15537 comm="apparmor_parser"
[  906.536426] audit: type=1400 audit(1702799172.049:67): apparmor="STATUS" operation="profile_replace" profile="unconfined" name="snap.lxd.buginfo" pid=15540 comm="apparmor_parser"
[  906.547939] audit: type=1400 audit(1702799172.057:68): apparmor="STATUS" operation="profile_replace" profile="unconfined" name="snap.lxd.check-kernel" pid=15541 comm="apparmor_parser"
[  906.606768] audit: type=1400 audit(1702799172.117:69): apparmor="STATUS" operation="profile_replace" profile="unconfined" name="snap.lxd.benchmark" pid=15539 comm="apparmor_parser"
[  906.618572] audit: type=1400 audit(1702799172.129:70): apparmor="STATUS" operation="profile_replace" profile="unconfined" name="snap.lxd.activate" pid=15538 comm="apparmor_parser"
[  906.658829] audit: type=1400 audit(1702799172.169:71): apparmor="STATUS" operation="profile_replace" profile="unconfined" name="snap.lxd.daemon" pid=15542 comm="apparmor_parser"
[  907.231259] loop5: detected capacity change from 0 to 8
[  937.632003] systemd[1]: systemd 249.11-0ubuntu3.11 running in system mode (+PAM +AUDIT +SELINUX +APPARMOR +IMA +SMACK +SECCOMP +GCRYPT +GNUTLS +OPENSSL +ACL +BLKID +CURL +ELFUTILS +FIDO2 +IDN2 -IDN +IPTC +KMOD +LIBCRYPTSETUP +LIBFDISK +PCRE2 -PWQUALITY -P11KIT -QRENCODE +BZIP2 +LZ4 +XZ +ZLIB +ZSTD -XKBCOMMON +UTMP +SYSVINIT default-hierarchy=unified)
[  937.632088] systemd[1]: Detected virtualization kvm.
[  937.632092] systemd[1]: Detected architecture x86-64.
[ 3130.207467] cmpe283_1: loading out-of-tree module taints kernel.
[ 3130.207498] cmpe283_1: module verification failed: signature and/or required key missing - tainting kernel
[ 3130.207707] CMPE 283 Assignment 1 Module Start
[ 3130.207710] Pinbased Controls MSR: 0x7f00000016
[ 3130.207711]   External Interrupt Exiting: Can set=Yes, Can clear=Yes
[ 3130.207712]   NMI Exiting: Can set=Yes, Can clear=Yes
[ 3130.207713]   Virtual NMIs: Can set=Yes, Can clear=Yes
[ 3130.207713]   Activate VMX Preemption Timer: Can set=Yes, Can clear=Yes
[ 3130.207714]   Process Posted Interrupts: Can set=No, Can clear=Yes
[ 3130.207716] Exit Controls MSR: 0x7fefff00036dff
[ 3130.207717]   Save debug controls: Can set=Yes, Can clear=No
[ 3130.207717]   Host address-space size: Can set=Yes, Can clear=Yes
[ 3130.207718]   Load IA32_PERF_GLOBAL_CTRL: Can set=No, Can clear=Yes
[ 3130.207719]   Acknowledge interrupt on exit: Can set=Yes, Can clear=Yes
[ 3130.207719]   Save IA32_PAT: Can set=Yes, Can clear=Yes
[ 3130.207720]   Load IA32_PAT: Can set=Yes, Can clear=Yes
[ 3130.207720]   Save IA32_EFER: Can set=Yes, Can clear=Yes
[ 3130.207721]   Load IA32_EFER: Can set=Yes, Can clear=Yes
[ 3130.207722]   Save VMXpreemption timer value: Can set=Yes, Can clear=Yes
[ 3130.207722]   Clear IA32_BNDCFGS: Can set=No, Can clear=Yes
[ 3130.207723]   Conceal VMX from PT: Can set=No, Can clear=Yes
[ 3130.207723]   Clear IA32_RTIT_CTL: Can set=No, Can clear=Yes
[ 3130.207724]   Clear IA32_LBR_CTL: Can set=No, Can clear=Yes
[ 3130.207724]   Load CET state: Can set=No, Can clear=Yes
[ 3130.207726] Entry Controls MSR: 0xd3ff000011ff
[ 3130.207726]   Load debug controls: Can set=Yes, Can clear=No
[ 3130.207727]   IA-32e mode guest: Can set=Yes, Can clear=Yes
[ 3130.207728]   Entry to SMM: Can set=No, Can clear=Yes
[ 3130.207728]   Deactivate dualmonitor treatment: Can set=No, Can clear=Yes
[ 3130.207729]   Load IA32_PERF_GLOBAL_CTRL: Can set=No, Can clear=Yes
[ 3130.207730]   Load IA32_PAT: Can set=Yes, Can clear=Yes
[ 3130.207731]   Load IA32_EFER: Can set=Yes, Can clear=Yes
[ 3130.207731]   Load IA32_BNDCFGS: Can set=No, Can clear=Yes
[ 3130.207732]   Conceal VMX from PT: Can set=No, Can clear=Yes
[ 3130.207732]   Load IA32_RTIT_CTL: Can set=No, Can clear=Yes
[ 3130.207733]   Load CET state: Can set=No, Can clear=Yes
[ 3130.207734]   Load guest IA32_LBR_CTL: Can set=No, Can clear=Yes
[ 3130.207735] Procbased Primary Controls MSR: 0xfff9fffe0401e172
[ 3130.207736]   Interrupt-window exiting: Can set=Yes, Can clear=Yes
[ 3130.207736]   Use TSC offsetting: Can set=Yes, Can clear=Yes
[ 3130.207737]   HLT exiting: Can set=Yes, Can clear=Yes
[ 3130.207737]   INVLPG exiting: Can set=Yes, Can clear=Yes
[ 3130.207738]   MWAIT exiting: Can set=Yes, Can clear=Yes
[ 3130.207738]   RDPMC exiting: Can set=Yes, Can clear=Yes
[ 3130.207739]   RDTSC exiting: Can set=Yes, Can clear=Yes
[ 3130.207739]   CR3-load exiting: Can set=Yes, Can clear=No
[ 3130.207740]   CR3-store exiting: Can set=Yes, Can clear=No
[ 3130.207741]   Activate tertiary controls: Can set=No, Can clear=Yes
[ 3130.207741]   CR8-load exiting: Can set=Yes, Can clear=Yes
[ 3130.207742]   CR8-store exiting: Can set=Yes, Can clear=Yes
[ 3130.207742]   Use TPR shadow: Can set=Yes, Can clear=Yes
[ 3130.207743]   NMI-window exiting: Can set=Yes, Can clear=Yes
[ 3130.207743]   MOV-DR exiting: Can set=Yes, Can clear=Yes
[ 3130.207744]   Unconditional I/O exiting: Can set=Yes, Can clear=Yes
[ 3130.207744]   Use I/O bitmaps: Can set=Yes, Can clear=Yes
[ 3130.207745]   Monitor trap flag: Can set=Yes, Can clear=Yes
[ 3130.207745]   MONITOR exiting: Can set=Yes, Can clear=Yes
[ 3130.207746]   PAUSE exiting: Can set=Yes, Can clear=Yes
[ 3130.207746]   Activate secondary controls: Can set=Yes, Can clear=Yes
[ 3130.207748] Secondary Procbased controls MSR: 0x1051ff00000000
[ 3130.207749]   Virtualize APIC accesses: Can set=Yes, Can clear=Yes
[ 3130.207749]   Enable EPT: Can set=Yes, Can clear=Yes
[ 3130.207750]   Descriptor-table exiting: Can set=Yes, Can clear=Yes
[ 3130.207750]   Enable RDTSCP: Can set=Yes, Can clear=Yes
[ 3130.207751]   Virtualize x2APIC mode: Can set=Yes, Can clear=Yes
[ 3130.207751]   Enable VPID: Can set=Yes, Can clear=Yes
[ 3130.207752]   WBINVD exiting: Can set=Yes, Can clear=Yes
[ 3130.207752]   Unrestricted guest: Can set=Yes, Can clear=Yes
[ 3130.207753]   APIC-register virtualization: Can set=Yes, Can clear=Yes
[ 3130.207753]   Virtual-interrupt delivery: Can set=No, Can clear=Yes
[ 3130.207754]   PAUSE-loop exiting: Can set=No, Can clear=Yes
[ 3130.207754]   RDRAND exiting: Can set=No, Can clear=Yes
[ 3130.207755]   Enable INVPCID: Can set=Yes, Can clear=Yes
[ 3130.207755]   Enable VM functions: Can set=No, Can clear=Yes
[ 3130.207756]   VMCS shadowing: Can set=Yes, Can clear=Yes
[ 3130.207756]   Enable ENCLS exiting: Can set=No, Can clear=Yes
[ 3130.207757]   RDSEED exiting: Can set=No, Can clear=Yes
[ 3130.207758]   Enable PML: Can set=No, Can clear=Yes
[ 3130.207758]   EPT-violation #VE: Can set=No, Can clear=Yes
[ 3130.207759]   Conceal VMX from PT: Can set=No, Can clear=Yes
[ 3130.207759]   Enable XSAVES/XRSTORS: Can set=Yes, Can clear=Yes
[ 3130.207760]   Mode-based execute control for EPT: Can set=No, Can clear=Yes
[ 3130.207761]   Sub-page write permissions for EPT: Can set=No, Can clear=Yes
[ 3130.207761]   Intel PT uses guest physical addresses: Can set=No, Can clear=Yes
[ 3130.207762]   Use TSC scaling: Can set=No, Can clear=Yes
[ 3130.207762]   Enable user wait and pause: Can set=No, Can clear=Yes
[ 3130.207763]   Enable ENCLV exiting: Can set=No, Can clear=Yes